
Linker Version 8.6.1.151022
Input Object File: D:\IIIT\Desktop\盛群程式\Relay_Test\RELAY_TEST.OBJ
Input Object File: D:\IIIT\Desktop\盛群程式\Relay_Test\STARTUP1_L.OBJ

Input Library File: C:\Program Files\Holtek MCU Development Tools\HT-IDE3000V7.x\LIB\LIBHOLTEKGCC.LIB
Input Library File: C:\Program Files\Holtek MCU Development Tools\HT-IDE3000V7.x\LIB\v3_lmrmc.lib


     Bank    Start     End      Length     Class    AvgIns    Name
     00h     0000h     0001h    0002h      CODE               @code (D:\IIIT\Desktop\盛群程式\Relay_Test\RELAY_TEST.OBJ)
     00h     0002h     0004h    0003h      CODE               @start (D:\IIIT\Desktop\盛群程式\Relay_Test\RELAY_TEST.OBJ)
     00h     0005h     0018h    0014h      CODE               _Delay100us (D:\IIIT\Desktop\盛群程式\Relay_Test\RELAY_TEST.OBJ)
     00h     0019h     002ah    0012h      CODE               _main (D:\IIIT\Desktop\盛群程式\Relay_Test\RELAY_TEST.OBJ)
     00h     0080h     0080h    0001h      DATA     3         @data_ra (C:\Program Files\Holtek MCU Development Tools\HT-IDE3000V7.x\LIB\LIBHOLTEKGCC.LIB)
     00h     0081h     0081h    0001h      DATA     3         @data_rb (C:\Program Files\Holtek MCU Development Tools\HT-IDE3000V7.x\LIB\LIBHOLTEKGCC.LIB)
     00h     0082h     0082h    0001h      DATA     3         @data_rc (C:\Program Files\Holtek MCU Development Tools\HT-IDE3000V7.x\LIB\LIBHOLTEKGCC.LIB)

     Local Sections

     Bank    Start     End      Length     Class    AvgIns    Name
     00h     0085h     0085h    0000h      LOCAL    0         @dummy (D:\IIIT\Desktop\盛群程式\Relay_Test\RELAY_TEST.OBJ)
     00h     0085h     0085h    0000h      LOCAL    0         _main (D:\IIIT\Desktop\盛群程式\Relay_Test\RELAY_TEST.OBJ)
     00h     0083h     0084h    0002h      LOCAL    3         _Delay100us (D:\IIIT\Desktop\盛群程式\Relay_Test\RELAY_TEST.OBJ)

     Public Symbols Information
     Address            Public by Name
     0005h              _Delay100us
     0083h              _Delay100us_2
     0019h              _main
     0080h              ra
     0081h              rb
     0082h              rc

     Address            Public by Value
     0005h              _Delay100us
     0019h              _main
     0080h              ra
     0081h              rb
     0082h              rc
     0083h              _Delay100us_2


ROM Usage Statistics
    Bank      Size      Used     Percentage
     00h       2000h     002bh    0%
     01h       2000h     0000h    0%
     02h       2000h     0000h    0%
     03h       2000h     0000h    0%
     Total     8000h     002bh    0%

RAM Usage Statistics
    Bank      Size      Used     Percentage
     00h       0080h     0005h    3%
     01h       0080h     0000h    0%
     02h       0080h     0000h    0%
     03h       0080h     0000h    0%
     04h       0080h     0000h    0%
     05h       0080h     0000h    0%
     06h       0080h     0000h    0%
     07h       0080h     0000h    0%
     08h       0080h     0000h    0%
     09h       0080h     0000h    0%
     0ah       0080h     0000h    0%
     0bh       0080h     0000h    0%
     0ch       0080h     0000h    0%
     0dh       0080h     0000h    0%
     0eh       0080h     0000h    0%
     0fh       0080h     0000h    0%
     Total     0800h     0005h    0%

Use Stack Count
_main: 1

Call Tree
    @dummy
        _main
            _Delay100us

HLINK: Program entry point at section '@code' (address 0) of file 'D:\IIIT\Desktop\盛群程式\Relay_Test\RELAY_TEST.OBJ'

Total 0 error(s), Total 0 Warning(s)
